<?xml version="1.0" ?>
<results>
  <result>
    <x>0.0</x>
    <y>0.39810988117931967</y>
  </result>
  <result>
    <x>0.1</x>
    <y>0.5429328081126815</y>
  </result>
  <result>
    <x>0.2</x>
    <y>0.6944553122452388</y>
  </result>
  <result>
    <x>0.30000000000000004</x>
    <y>0.8455736918069359</y>
  </result>
  <result>
    <x>0.4</x>
    <y>0.9894019596667553</y>
  </result>
  <result>
    <x>0.5</x>
    <y>1.1195623761827875</y>
  </result>
  <result>
    <x>0.6</x>
    <y>1.230447674512366</y>
  </result>
  <result>
    <x>0.7</x>
    <y>1.3174440142227193</y>
  </result>
  <result>
    <x>0.7999999999999999</x>
    <y>1.377105556343974</y>
  </result>
  <result>
    <x>0.8999999999999999</x>
    <y>1.4072737831747708</y>
  </result>
  <result>
    <x>0.9999999999999999</x>
    <y>1.4071371888565227</y>
  </result>
  <result>
    <x>1.0999999999999999</x>
    <y>1.3772296305301042</y>
  </result>
  <result>
    <x>1.2</x>
    <y>1.3193683369894191</y>
  </result>
  <result>
    <x>1.3</x>
    <y>1.2365352029853938</y>
  </result>
  <result>
    <x>1.4000000000000001</x>
    <y>1.1327074370939676</y>
  </result>
  <result>
    <x>1.5000000000000002</x>
    <y>1.012645771881063</y>
  </result>
  <result>
    <x>1.6000000000000003</x>
    <y>0.8816501916679136</y>
  </result>
  <result>
    <x>1.7000000000000004</x>
    <y>0.7452944053868602</y>
  </result>
  <result>
    <x>1.8000000000000005</x>
    <y>0.6091510263887003</y>
  </result>
  <result>
    <x>1.9000000000000006</x>
    <y>0.4785195700664826</y>
  </result>
</results>
